[info] welcome to sbt 1.12.6 (Oracle Corporation Java 23.0.1)
[info] loading settings for project javi-build from plugins.sbt...
[info] loading project definition from D:\SoftwareArchitektur\javi\project
[info] loading settings for project root from build.sbt...
[info] set current project to chess-functional-improvements (in build file:/D:/SoftwareArchitektur/javi/)
[info] Executing in batch mode. For better performance use sbt's shell
[info] compiling 5 Scala sources to D:\SoftwareArchitektur\javi\target\scala-3.3.4\classes ...
[error] -- Error: D:\SoftwareArchitektur\javi\src\main\scala\chess\view\RestApi.scala:55:49 
[error]  55 |  implicit val codec: Codec[GameStateResponse] = deriveCodec[GameStateResponse]
[error]     |                                                 ^^^^^^^^^^^^^^^^^^^^^^^^^^^^^^
[error]     |                   Maximal number of successive inlines (32) exceeded,
[error]     |                   Maybe this is caused by a recursive inline method?
[error]     |                   You can use -Xmax-inlines to change the limit.
[error]     |---------------------------------------------------------------------------
[error]     |Inline stack trace
[error]     |- - - - - - - - - - - - - - - - - - - - - - - - - - - - - - - - - - - - - -
[error]     |This location contains code that was inlined from RestApi.scala:55
[error]     |- - - - - - - - - - - - - - - - - - - - - - - - - - - - - - - - - - - - - -
[error]     |This location contains code that was inlined from RestApi.scala:55
[error]     |- - - - - - - - - - - - - - - - - - - - - - - - - - - - - - - - - - - - - -
[error]     |This location contains code that was inlined from RestApi.scala:55
[error]     |- - - - - - - - - - - - - - - - - - - - - - - - - - - - - - - - - - - - - -
[error]     |This location contains code that was inlined from RestApi.scala:55
[error]     |- - - - - - - - - - - - - - - - - - - - - - - - - - - - - - - - - - - - - -
[error]     |This location contains code that was inlined from RestApi.scala:55
[error]     |- - - - - - - - - - - - - - - - - - - - - - - - - - - - - - - - - - - - - -
[error]     |This location contains code that was inlined from RestApi.scala:55
[error]     |- - - - - - - - - - - - - - - - - - - - - - - - - - - - - - - - - - - - - -
[error]     |This location contains code that was inlined from RestApi.scala:55
[error]     |- - - - - - - - - - - - - - - - - - - - - - - - - - - - - - - - - - - - - -
[error]     |This location contains code that was inlined from RestApi.scala:55
[error]     |- - - - - - - - - - - - - - - - - - - - - - - - - - - - - - - - - - - - - -
[error]     |This location contains code that was inlined from RestApi.scala:55
[error]     |- - - - - - - - - - - - - - - - - - - - - - - - - - - - - - - - - - - - - -
[error]     |This location contains code that was inlined from RestApi.scala:55
[error]     |- - - - - - - - - - - - - - - - - - - - - - - - - - - - - - - - - - - - - -
[error]     |This location contains code that was inlined from RestApi.scala:55
[error]     |- - - - - - - - - - - - - - - - - - - - - - - - - - - - - - - - - - - - - -
[error]     |This location contains code that was inlined from RestApi.scala:55
[error]     |- - - - - - - - - - - - - - - - - - - - - - - - - - - - - - - - - - - - - -
[error]     |This location contains code that was inlined from RestApi.scala:55
[error]     |- - - - - - - - - - - - - - - - - - - - - - - - - - - - - - - - - - - - - -
[error]     |This location contains code that was inlined from RestApi.scala:55
[error]     |- - - - - - - - - - - - - - - - - - - - - - - - - - - - - - - - - - - - - -
[error]     |This location contains code that was inlined from RestApi.scala:55
[error]     |- - - - - - - - - - - - - - - - - - - - - - - - - - - - - - - - - - - - - -
[error]     |This location contains code that was inlined from RestApi.scala:55
[error]     |- - - - - - - - - - - - - - - - - - - - - - - - - - - - - - - - - - - - - -
[error]     |This location contains code that was inlined from RestApi.scala:55
[error]     |- - - - - - - - - - - - - - - - - - - - - - - - - - - - - - - - - - - - - -
[error]     |This location contains code that was inlined from RestApi.scala:55
[error]     |- - - - - - - - - - - - - - - - - - - - - - - - - - - - - - - - - - - - - -
[error]     |This location contains code that was inlined from RestApi.scala:55
[error]     |- - - - - - - - - - - - - - - - - - - - - - - - - - - - - - - - - - - - - -
[error]     |This location contains code that was inlined from RestApi.scala:55
[error]     |- - - - - - - - - - - - - - - - - - - - - - - - - - - - - - - - - - - - - -
[error]     |This location contains code that was inlined from RestApi.scala:55
[error]     |- - - - - - - - - - - - - - - - - - - - - - - - - - - - - - - - - - - - - -
[error]     |This location contains code that was inlined from RestApi.scala:55
[error]     |- - - - - - - - - - - - - - - - - - - - - - - - - - - - - - - - - - - - - -
[error]     |This location contains code that was inlined from RestApi.scala:55
[error]     |- - - - - - - - - - - - - - - - - - - - - - - - - - - - - - - - - - - - - -
[error]     |This location contains code that was inlined from RestApi.scala:55
[error]     |- - - - - - - - - - - - - - - - - - - - - - - - - - - - - - - - - - - - - -
[error]     |This location contains code that was inlined from RestApi.scala:55
[error]     |- - - - - - - - - - - - - - - - - - - - - - - - - - - - - - - - - - - - - -
[error]     |This location contains code that was inlined from RestApi.scala:55
[error]     |- - - - - - - - - - - - - - - - - - - - - - - - - - - - - - - - - - - - - -
[error]     |This location contains code that was inlined from RestApi.scala:55
[error]     |- - - - - - - - - - - - - - - - - - - - - - - - - - - - - - - - - - - - - -
[error]     |This location contains code that was inlined from RestApi.scala:55
[error]     |- - - - - - - - - - - - - - - - - - - - - - - - - - - - - - - - - - - - - -
[error]     |This location contains code that was inlined from RestApi.scala:55
[error]     |- - - - - - - - - - - - - - - - - - - - - - - - - - - - - - - - - - - - - -
[error]     |This location contains code that was inlined from RestApi.scala:55
[error]     |- - - - - - - - - - - - - - - - - - - - - - - - - - - - - - - - - - - - - -
[error]     |This location contains code that was inlined from RestApi.scala:55
[error]      ---------------------------------------------------------------------------
[error] one error found
[error] (Compile / compileIncremental) Compilation failed
[error] Total time: 12 s, completed 15.04.2026, 10:20:37
